2026-02-04 14:24:47 [info] : [Platform Server] Creating platform lab1_platform  output stream finished - lab1_platform. 
2026-02-04 14:25:06 [info] : [Platform Server] Generate platform output stream finished - lab1_platform. 
2026-02-04 14:27:09 [info] : [Platform Server] Generate platform output stream finished - lab1_platform. 
2026-02-04 14:27:11 [info] : [Build Server] Build output stream finished - lab1_part1::. 
2026-02-04 14:29:07 [info] : [Platform Server] Regenerating BSP for freertos_ps7_cortexa9_0 domain of C:\Users\nedillon\Documents\lab1\lab1_platform platform output stream finished - lab1_platform. 
2026-02-04 15:07:39 [info] : [Platform Server] Generate platform output stream finished - lab1_platform. 
2026-02-04 15:07:40 [info] : [Build Server] Build output stream finished - lab1_part1::. 
2026-02-04 15:07:59 [info] : [Debug Manager] Successfully verified the target connection used  Local 
2026-02-04 15:07:59 [info] : [Debug Manager] Starting launch in 'run' mode using configuration: {"type":"tcf-debug","request":"launch","name":"lab1_part1_app_hw_1","debugType":"baremetal-zynq","attachToRunningTargetOptions":{"targetSetupMode":"standalone","executeScript":true,"scriptPath":""},"autoAttachProcessChildren":false,"target":{"targetConnectionId":"Local","peersIniPath":"../../_ide/.peers.ini","context":"zynq"},"pathMap":[],"targetSetup":{"resetSystem":true,"programDevice":true,"resetAPU":false,"bitstreamFile":"${workspaceFolder}\\lab1_part1\\_ide\\bitstream\\lab1_hw_wrapper.bit","zynqInitialization":{"isFsbl":false,"usingFSBL":{"initWithFSBL":true,"fsblFile":"${workspaceFolder}\\lab1_platform\\export\\lab1_platform\\sw\\boot\\fsbl.elf","fsblExitSymbol":"FsblHandoffJtagExit"},"usingPs7Init":{"runPs7Init":true,"runPs7PostInit":true,"ps7InitTclFile":"${workspaceFolder}\\lab1_part1\\_ide\\psinit\\ps7_init.tcl"}},"downloadElf":[{"core":"ps7_cortexa9_0","resetProcessor":true,"elfFile":"${workspaceFolder}\\lab1_part1\\build\\lab1_part1.elf","stopAtEntry":false}],"crossTriggerBreakpoints":{"isSelected":false,"breakpoints":[]}},"internalConsoleOptions":"openOnSessionStart","__configUri":"file:///c%3A/Users/nedillon/Documents/lab1/lab1_part1/_ide/launch.json"} 
2026-02-04 15:08:00 [info] : [Debug Manager] Disabling breakpoints in the tool to enable run mode for 'lab1_part1_app_hw_1 [lab1_part1]'. 
2026-02-04 15:08:00 [info] : [Debug Manager] Launch session has started on the configuration 'lab1_part1_app_hw_1 [lab1_part1]' 
2026-02-04 15:09:28 [info] : [Platform Server] Generate platform output stream finished - lab1_platform. 
2026-02-04 15:09:29 [info] : [Build Server] Build output stream finished - lab1_part1::. 
2026-02-04 15:09:42 [info] : [Debug Manager] Successfully verified the target connection used  Local 
2026-02-04 15:09:42 [info] : [Debug Manager] Starting launch in 'run' mode using configuration: {"type":"tcf-debug","request":"launch","name":"lab1_part1_app_hw_1","debugType":"baremetal-zynq","attachToRunningTargetOptions":{"targetSetupMode":"standalone","executeScript":true,"scriptPath":""},"autoAttachProcessChildren":false,"target":{"targetConnectionId":"Local","peersIniPath":"../../_ide/.peers.ini","context":"zynq"},"pathMap":[],"targetSetup":{"resetSystem":true,"programDevice":true,"resetAPU":false,"bitstreamFile":"${workspaceFolder}\\lab1_part1\\_ide\\bitstream\\lab1_hw_wrapper.bit","zynqInitialization":{"isFsbl":false,"usingFSBL":{"initWithFSBL":true,"fsblFile":"${workspaceFolder}\\lab1_platform\\export\\lab1_platform\\sw\\boot\\fsbl.elf","fsblExitSymbol":"FsblHandoffJtagExit"},"usingPs7Init":{"runPs7Init":true,"runPs7PostInit":true,"ps7InitTclFile":"${workspaceFolder}\\lab1_part1\\_ide\\psinit\\ps7_init.tcl"}},"downloadElf":[{"core":"ps7_cortexa9_0","resetProcessor":true,"elfFile":"${workspaceFolder}\\lab1_part1\\build\\lab1_part1.elf","stopAtEntry":false}],"crossTriggerBreakpoints":{"isSelected":false,"breakpoints":[]}},"internalConsoleOptions":"openOnSessionStart","__configUri":"file:///c%3A/Users/nedillon/Documents/lab1/lab1_part1/_ide/launch.json"} 
2026-02-04 15:09:47 [info] : [Debug Manager] Launch session has terminated on the configuration 'lab1_part1_app_hw_1 [lab1_part1]' 
2026-02-04 15:09:47 [info] : [Debug Manager] Enabling breakpoints after running the application using 'lab1_part1_app_hw_1 [lab1_part1]'. 
2026-02-04 15:10:03 [info] : [Debug Manager] Successfully verified the target connection used  Local 
2026-02-04 15:10:03 [info] : [Debug Manager] Starting launch in 'debug' mode using configuration: {"type":"tcf-debug","request":"launch","name":"lab1_part1_app_hw_1","debugType":"baremetal-zynq","attachToRunningTargetOptions":{"targetSetupMode":"standalone","executeScript":true,"scriptPath":""},"autoAttachProcessChildren":false,"target":{"targetConnectionId":"Local","peersIniPath":"../../_ide/.peers.ini","context":"zynq"},"pathMap":[],"targetSetup":{"resetSystem":true,"programDevice":true,"resetAPU":false,"bitstreamFile":"${workspaceFolder}\\lab1_part1\\_ide\\bitstream\\lab1_hw_wrapper.bit","zynqInitialization":{"isFsbl":false,"usingFSBL":{"initWithFSBL":true,"fsblFile":"${workspaceFolder}\\lab1_platform\\export\\lab1_platform\\sw\\boot\\fsbl.elf","fsblExitSymbol":"FsblHandoffJtagExit"},"usingPs7Init":{"runPs7Init":true,"runPs7PostInit":true,"ps7InitTclFile":"${workspaceFolder}\\lab1_part1\\_ide\\psinit\\ps7_init.tcl"}},"downloadElf":[{"core":"ps7_cortexa9_0","resetProcessor":true,"elfFile":"${workspaceFolder}\\lab1_part1\\build\\lab1_part1.elf","stopAtEntry":false}],"crossTriggerBreakpoints":{"isSelected":false,"breakpoints":[]}},"internalConsoleOptions":"openOnSessionStart","__configUri":"file:///c%3A/Users/nedillon/Documents/lab1/lab1_part1/_ide/launch.json"} 
2026-02-04 15:10:03 [info] : [Debug Manager] Added breakpoint:main 
2026-02-04 15:10:03 [info] : [Debug Manager] Added breakpoint:_exit 
2026-02-04 15:10:04 [info] : [Debug Manager] Launch session has started on the configuration 'lab1_part1_app_hw_1 [lab1_part1]' 
2026-02-04 15:14:23 [info] : [Debug Manager] Removed breakpoint: main 
2026-02-04 15:14:23 [info] : [Debug Manager] Removed breakpoint: _exit 
2026-02-04 15:14:23 [info] : [Debug Manager] Launch session has terminated on the configuration 'lab1_part1_app_hw_1 [lab1_part1]' 
2026-02-04 15:14:47 [info] : [Platform Server] Generate platform output stream finished - lab1_platform. 
2026-02-04 15:14:48 [info] : [Build Server] Build output stream finished - lab1_part1::. 
2026-02-04 15:15:02 [info] : [Debug Manager] Successfully verified the target connection used  Local 
2026-02-04 15:15:02 [info] : [Debug Manager] Starting launch in 'run' mode using configuration: {"type":"tcf-debug","request":"launch","name":"lab1_part1_app_hw_1","debugType":"baremetal-zynq","attachToRunningTargetOptions":{"targetSetupMode":"standalone","executeScript":true,"scriptPath":""},"autoAttachProcessChildren":false,"target":{"targetConnectionId":"Local","peersIniPath":"../../_ide/.peers.ini","context":"zynq"},"pathMap":[],"targetSetup":{"resetSystem":true,"programDevice":true,"resetAPU":false,"bitstreamFile":"${workspaceFolder}\\lab1_part1\\_ide\\bitstream\\lab1_hw_wrapper.bit","zynqInitialization":{"isFsbl":false,"usingFSBL":{"initWithFSBL":true,"fsblFile":"${workspaceFolder}\\lab1_platform\\export\\lab1_platform\\sw\\boot\\fsbl.elf","fsblExitSymbol":"FsblHandoffJtagExit"},"usingPs7Init":{"runPs7Init":true,"runPs7PostInit":true,"ps7InitTclFile":"${workspaceFolder}\\lab1_part1\\_ide\\psinit\\ps7_init.tcl"}},"downloadElf":[{"core":"ps7_cortexa9_0","resetProcessor":true,"elfFile":"${workspaceFolder}\\lab1_part1\\build\\lab1_part1.elf","stopAtEntry":false}],"crossTriggerBreakpoints":{"isSelected":false,"breakpoints":[]}},"internalConsoleOptions":"openOnSessionStart","__configUri":"file:///c%3A/Users/nedillon/Documents/lab1/lab1_part1/_ide/launch.json"} 
2026-02-04 15:15:02 [info] : [Debug Manager] Disabling breakpoints in the tool to enable run mode for 'lab1_part1_app_hw_1 [lab1_part1]'. 
2026-02-04 15:15:03 [info] : [Debug Manager] Launch session has started on the configuration 'lab1_part1_app_hw_1 [lab1_part1]' 
2026-02-04 15:16:09 [info] : [Debug Manager] Launch session has terminated on the configuration 'lab1_part1_app_hw_1 [lab1_part1]' 
2026-02-04 15:16:09 [info] : [Debug Manager] Enabling breakpoints after running the application using 'lab1_part1_app_hw_1 [lab1_part1]'. 
2026-02-04 15:16:13 [info] : [Platform Server] Generate platform output stream finished - lab1_platform. 
2026-02-04 15:16:14 [info] : [Build Server] Build output stream finished - lab1_part1::. 
2026-02-04 15:16:27 [info] : [Debug Manager] Successfully verified the target connection used  Local 
2026-02-04 15:16:27 [info] : [Debug Manager] Starting launch in 'debug' mode using configuration: {"type":"tcf-debug","request":"launch","name":"lab1_part1_app_hw_1","debugType":"baremetal-zynq","attachToRunningTargetOptions":{"targetSetupMode":"standalone","executeScript":true,"scriptPath":""},"autoAttachProcessChildren":false,"target":{"targetConnectionId":"Local","peersIniPath":"../../_ide/.peers.ini","context":"zynq"},"pathMap":[],"targetSetup":{"resetSystem":true,"programDevice":true,"resetAPU":false,"bitstreamFile":"${workspaceFolder}\\lab1_part1\\_ide\\bitstream\\lab1_hw_wrapper.bit","zynqInitialization":{"isFsbl":false,"usingFSBL":{"initWithFSBL":true,"fsblFile":"${workspaceFolder}\\lab1_platform\\export\\lab1_platform\\sw\\boot\\fsbl.elf","fsblExitSymbol":"FsblHandoffJtagExit"},"usingPs7Init":{"runPs7Init":true,"runPs7PostInit":true,"ps7InitTclFile":"${workspaceFolder}\\lab1_part1\\_ide\\psinit\\ps7_init.tcl"}},"downloadElf":[{"core":"ps7_cortexa9_0","resetProcessor":true,"elfFile":"${workspaceFolder}\\lab1_part1\\build\\lab1_part1.elf","stopAtEntry":false}],"crossTriggerBreakpoints":{"isSelected":false,"breakpoints":[]}},"internalConsoleOptions":"openOnSessionStart","__configUri":"file:///c%3A/Users/nedillon/Documents/lab1/lab1_part1/_ide/launch.json"} 
2026-02-04 15:16:27 [info] : [Debug Manager] Added breakpoint:main 
2026-02-04 15:16:27 [info] : [Debug Manager] Added breakpoint:_exit 
2026-02-04 15:16:27 [info] : [Debug Manager] Launch session has started on the configuration 'lab1_part1_app_hw_1 [lab1_part1]' 
2026-02-04 15:17:03 [info] : [Debug Manager] Removed breakpoint: main 
2026-02-04 15:17:03 [info] : [Debug Manager] Removed breakpoint: _exit 
2026-02-04 15:17:03 [info] : [Debug Manager] Launch session has terminated on the configuration 'lab1_part1_app_hw_1 [lab1_part1]' 
2026-02-04 15:17:14 [info] : [Platform Server] Generate platform output stream finished - lab1_platform. 
2026-02-04 15:17:15 [info] : [Build Server] Build output stream finished - lab1_part1::. 
2026-02-04 15:17:28 [info] : [Debug Manager] Successfully verified the target connection used  Local 
2026-02-04 15:17:28 [info] : [Debug Manager] Starting launch in 'run' mode using configuration: {"type":"tcf-debug","request":"launch","name":"lab1_part1_app_hw_1","debugType":"baremetal-zynq","attachToRunningTargetOptions":{"targetSetupMode":"standalone","executeScript":true,"scriptPath":""},"autoAttachProcessChildren":false,"target":{"targetConnectionId":"Local","peersIniPath":"../../_ide/.peers.ini","context":"zynq"},"pathMap":[],"targetSetup":{"resetSystem":true,"programDevice":true,"resetAPU":false,"bitstreamFile":"${workspaceFolder}\\lab1_part1\\_ide\\bitstream\\lab1_hw_wrapper.bit","zynqInitialization":{"isFsbl":false,"usingFSBL":{"initWithFSBL":true,"fsblFile":"${workspaceFolder}\\lab1_platform\\export\\lab1_platform\\sw\\boot\\fsbl.elf","fsblExitSymbol":"FsblHandoffJtagExit"},"usingPs7Init":{"runPs7Init":true,"runPs7PostInit":true,"ps7InitTclFile":"${workspaceFolder}\\lab1_part1\\_ide\\psinit\\ps7_init.tcl"}},"downloadElf":[{"core":"ps7_cortexa9_0","resetProcessor":true,"elfFile":"${workspaceFolder}\\lab1_part1\\build\\lab1_part1.elf","stopAtEntry":false}],"crossTriggerBreakpoints":{"isSelected":false,"breakpoints":[]}},"internalConsoleOptions":"openOnSessionStart","__configUri":"file:///c%3A/Users/nedillon/Documents/lab1/lab1_part1/_ide/launch.json"} 
2026-02-04 15:17:28 [info] : [Debug Manager] Disabling breakpoints in the tool to enable run mode for 'lab1_part1_app_hw_1 [lab1_part1]'. 
2026-02-04 15:17:28 [info] : [Debug Manager] Launch session has started on the configuration 'lab1_part1_app_hw_1 [lab1_part1]' 
2026-02-04 15:18:10 [info] : [Debug Manager] Launch session has terminated on the configuration 'lab1_part1_app_hw_1 [lab1_part1]' 
2026-02-04 15:18:10 [info] : [Debug Manager] Enabling breakpoints after running the application using 'lab1_part1_app_hw_1 [lab1_part1]'. 
2026-02-04 15:27:51 [info] : [Platform Server] Generate platform output stream finished - lab1_platform. 
2026-02-04 15:27:53 [info] : [Build Server] Build output stream finished - lab1_part2::. 
2026-02-04 15:43:15 [info] : [Platform Server] Generate platform output stream finished - lab1_platform. 
2026-02-04 15:43:16 [info] : [Build Server] Build output stream finished - lab1_part1::. 
2026-02-04 15:43:42 [info] : [Debug Manager] Successfully verified the target connection used  Local 
2026-02-04 15:43:42 [info] : [Debug Manager] Starting launch in 'run' mode using configuration: {"type":"tcf-debug","request":"launch","name":"lab1_part1_app_hw_1","debugType":"baremetal-zynq","attachToRunningTargetOptions":{"targetSetupMode":"standalone","executeScript":true,"scriptPath":""},"autoAttachProcessChildren":false,"target":{"targetConnectionId":"Local","peersIniPath":"../../_ide/.peers.ini","context":"zynq"},"pathMap":[],"targetSetup":{"resetSystem":true,"programDevice":true,"resetAPU":false,"bitstreamFile":"${workspaceFolder}\\lab1_part1\\_ide\\bitstream\\lab1_hw_wrapper.bit","zynqInitialization":{"isFsbl":false,"usingFSBL":{"initWithFSBL":true,"fsblFile":"${workspaceFolder}\\lab1_platform\\export\\lab1_platform\\sw\\boot\\fsbl.elf","fsblExitSymbol":"FsblHandoffJtagExit"},"usingPs7Init":{"runPs7Init":true,"runPs7PostInit":true,"ps7InitTclFile":"${workspaceFolder}\\lab1_part1\\_ide\\psinit\\ps7_init.tcl"}},"downloadElf":[{"core":"ps7_cortexa9_0","resetProcessor":true,"elfFile":"${workspaceFolder}\\lab1_part1\\build\\lab1_part1.elf","stopAtEntry":false}],"crossTriggerBreakpoints":{"isSelected":false,"breakpoints":[]}},"internalConsoleOptions":"openOnSessionStart","__configUri":"file:///c%3A/Users/nedillon/Documents/lab1/lab1_part1/_ide/launch.json"} 
2026-02-04 15:43:42 [info] : [Debug Manager] Disabling breakpoints in the tool to enable run mode for 'lab1_part1_app_hw_1 [lab1_part1]'. 
2026-02-04 15:43:42 [info] : [Debug Manager] Launch session has started on the configuration 'lab1_part1_app_hw_1 [lab1_part1]' 
2026-02-04 15:45:11 [info] : [Debug Manager] Launch session has terminated on the configuration 'lab1_part1_app_hw_1 [lab1_part1]' 
2026-02-04 15:45:11 [info] : [Debug Manager] Enabling breakpoints after running the application using 'lab1_part1_app_hw_1 [lab1_part1]'. 
2026-02-04 15:45:35 [info] : [Debug Manager] Successfully verified the target connection used  Local 
2026-02-04 15:45:35 [info] : [Debug Manager] Starting launch in 'debug' mode using configuration: {"type":"tcf-debug","request":"launch","name":"lab1_part2_app_hw_1","debugType":"baremetal-zynq","attachToRunningTargetOptions":{"targetSetupMode":"standalone","executeScript":true,"scriptPath":""},"autoAttachProcessChildren":false,"target":{"targetConnectionId":"Local","peersIniPath":"../../_ide/.peers.ini","context":"zynq"},"pathMap":[],"targetSetup":{"resetSystem":true,"programDevice":true,"resetAPU":false,"bitstreamFile":"${workspaceFolder}\\lab1_part2\\_ide\\bitstream\\lab1_hw_wrapper.bit","zynqInitialization":{"isFsbl":false,"usingFSBL":{"initWithFSBL":true,"fsblFile":"${workspaceFolder}\\lab1_platform\\export\\lab1_platform\\sw\\boot\\fsbl.elf","fsblExitSymbol":"FsblHandoffJtagExit"},"usingPs7Init":{"runPs7Init":true,"runPs7PostInit":true,"ps7InitTclFile":"${workspaceFolder}\\lab1_part2\\_ide\\psinit\\ps7_init.tcl"}},"downloadElf":[{"core":"ps7_cortexa9_0","resetProcessor":true,"elfFile":"${workspaceFolder}\\lab1_part2\\build\\lab1_part2.elf","stopAtEntry":false}],"crossTriggerBreakpoints":{"isSelected":false,"breakpoints":[]}},"internalConsoleOptions":"openOnSessionStart","__configUri":"file:///c%3A/Users/nedillon/Documents/lab1/lab1_part2/_ide/launch.json"} 
2026-02-04 15:45:35 [info] : [Debug Manager] Added breakpoint:main 
2026-02-04 15:45:35 [info] : [Debug Manager] Added breakpoint:_exit 
2026-02-04 15:45:35 [info] : [Debug Manager] Launch session has started on the configuration 'lab1_part2_app_hw_1 [lab1_part2]' 
2026-02-04 15:46:15 [info] : [Debug Manager] Removed breakpoint: main 
2026-02-04 15:46:15 [info] : [Debug Manager] Removed breakpoint: _exit 
2026-02-04 15:46:15 [info] : [Debug Manager] Launch session has terminated on the configuration 'lab1_part2_app_hw_1 [lab1_part2]' 
2026-02-04 15:47:35 [info] : [Platform Server] Generate platform output stream finished - lab1_platform. 
2026-02-04 15:47:36 [info] : [Build Server] Build output stream finished - lab1_part1::. 
2026-02-04 15:47:44 [info] : [Platform Server] Generate platform output stream finished - lab1_platform. 
2026-02-04 15:47:44 [info] : [Build Server] Build output stream finished - lab1_part2::. 
2026-02-04 15:48:00 [info] : [Debug Manager] Successfully verified the target connection used  Local 
2026-02-04 15:48:00 [info] : [Debug Manager] Starting launch in 'run' mode using configuration: {"type":"tcf-debug","request":"launch","name":"lab1_part2_app_hw_1","debugType":"baremetal-zynq","attachToRunningTargetOptions":{"targetSetupMode":"standalone","executeScript":true,"scriptPath":""},"autoAttachProcessChildren":false,"target":{"targetConnectionId":"Local","peersIniPath":"../../_ide/.peers.ini","context":"zynq"},"pathMap":[],"targetSetup":{"resetSystem":true,"programDevice":true,"resetAPU":false,"bitstreamFile":"${workspaceFolder}\\lab1_part2\\_ide\\bitstream\\lab1_hw_wrapper.bit","zynqInitialization":{"isFsbl":false,"usingFSBL":{"initWithFSBL":true,"fsblFile":"${workspaceFolder}\\lab1_platform\\export\\lab1_platform\\sw\\boot\\fsbl.elf","fsblExitSymbol":"FsblHandoffJtagExit"},"usingPs7Init":{"runPs7Init":true,"runPs7PostInit":true,"ps7InitTclFile":"${workspaceFolder}\\lab1_part2\\_ide\\psinit\\ps7_init.tcl"}},"downloadElf":[{"core":"ps7_cortexa9_0","resetProcessor":true,"elfFile":"${workspaceFolder}\\lab1_part2\\build\\lab1_part2.elf","stopAtEntry":false}],"crossTriggerBreakpoints":{"isSelected":false,"breakpoints":[]}},"internalConsoleOptions":"openOnSessionStart","__configUri":"file:///c%3A/Users/nedillon/Documents/lab1/lab1_part2/_ide/launch.json"} 
2026-02-04 15:48:00 [info] : [Debug Manager] Disabling breakpoints in the tool to enable run mode for 'lab1_part2_app_hw_1 [lab1_part2]'. 
2026-02-04 15:48:00 [info] : [Debug Manager] Launch session has started on the configuration 'lab1_part2_app_hw_1 [lab1_part2]' 
2026-02-04 16:04:12 [info] : [Debug Manager] Launch session has terminated on the configuration 'lab1_part2_app_hw_1 [lab1_part2]' 
2026-02-04 16:04:12 [info] : [Debug Manager] Enabling breakpoints after running the application using 'lab1_part2_app_hw_1 [lab1_part2]'. 
2026-02-04 16:12:00 [info] : [Debug Manager] Successfully verified the target connection used  Local 
2026-02-04 16:12:00 [info] : [Debug Manager] Starting launch in 'run' mode using configuration: {"type":"tcf-debug","request":"launch","name":"lab1_part2_app_hw_1","debugType":"baremetal-zynq","attachToRunningTargetOptions":{"targetSetupMode":"standalone","executeScript":true,"scriptPath":""},"autoAttachProcessChildren":false,"target":{"targetConnectionId":"Local","peersIniPath":"../../_ide/.peers.ini","context":"zynq"},"pathMap":[],"targetSetup":{"resetSystem":true,"programDevice":true,"resetAPU":false,"bitstreamFile":"${workspaceFolder}\\lab1_part2\\_ide\\bitstream\\lab1_hw_wrapper.bit","zynqInitialization":{"isFsbl":false,"usingFSBL":{"initWithFSBL":true,"fsblFile":"${workspaceFolder}\\lab1_platform\\export\\lab1_platform\\sw\\boot\\fsbl.elf","fsblExitSymbol":"FsblHandoffJtagExit"},"usingPs7Init":{"runPs7Init":true,"runPs7PostInit":true,"ps7InitTclFile":"${workspaceFolder}\\lab1_part2\\_ide\\psinit\\ps7_init.tcl"}},"downloadElf":[{"core":"ps7_cortexa9_0","resetProcessor":true,"elfFile":"${workspaceFolder}\\lab1_part2\\build\\lab1_part2.elf","stopAtEntry":false}],"crossTriggerBreakpoints":{"isSelected":false,"breakpoints":[]}},"internalConsoleOptions":"openOnSessionStart","__configUri":"file:///c%3A/Users/nedillon/Documents/lab1/lab1_part2/_ide/launch.json"} 
2026-02-04 16:12:00 [info] : [Debug Manager] Disabling breakpoints in the tool to enable run mode for 'lab1_part2_app_hw_1 [lab1_part2]'. 
2026-02-04 16:12:00 [info] : [Debug Manager] Launch session has started on the configuration 'lab1_part2_app_hw_1 [lab1_part2]' 
2026-02-04 16:13:25 [info] : [Debug Manager] Launch session has terminated on the configuration 'lab1_part2_app_hw_1 [lab1_part2]' 
2026-02-04 16:13:25 [info] : [Debug Manager] Enabling breakpoints after running the application using 'lab1_part2_app_hw_1 [lab1_part2]'. 
2026-02-04 16:13:32 [info] : [Platform Server] Generate platform output stream finished - lab1_platform. 
2026-02-04 16:13:33 [info] : [Build Server] Build output stream finished - lab1_part2::. 
2026-02-04 16:13:52 [info] : [Debug Manager] Successfully verified the target connection used  Local 
2026-02-04 16:13:52 [info] : [Debug Manager] Starting launch in 'run' mode using configuration: {"type":"tcf-debug","request":"launch","name":"lab1_part2_app_hw_1","debugType":"baremetal-zynq","attachToRunningTargetOptions":{"targetSetupMode":"standalone","executeScript":true,"scriptPath":""},"autoAttachProcessChildren":false,"target":{"targetConnectionId":"Local","peersIniPath":"../../_ide/.peers.ini","context":"zynq"},"pathMap":[],"targetSetup":{"resetSystem":true,"programDevice":true,"resetAPU":false,"bitstreamFile":"${workspaceFolder}\\lab1_part2\\_ide\\bitstream\\lab1_hw_wrapper.bit","zynqInitialization":{"isFsbl":false,"usingFSBL":{"initWithFSBL":true,"fsblFile":"${workspaceFolder}\\lab1_platform\\export\\lab1_platform\\sw\\boot\\fsbl.elf","fsblExitSymbol":"FsblHandoffJtagExit"},"usingPs7Init":{"runPs7Init":true,"runPs7PostInit":true,"ps7InitTclFile":"${workspaceFolder}\\lab1_part2\\_ide\\psinit\\ps7_init.tcl"}},"downloadElf":[{"core":"ps7_cortexa9_0","resetProcessor":true,"elfFile":"${workspaceFolder}\\lab1_part2\\build\\lab1_part2.elf","stopAtEntry":false}],"crossTriggerBreakpoints":{"isSelected":false,"breakpoints":[]}},"internalConsoleOptions":"openOnSessionStart","__configUri":"file:///c%3A/Users/nedillon/Documents/lab1/lab1_part2/_ide/launch.json"} 
2026-02-04 16:13:53 [info] : [Debug Manager] Disabling breakpoints in the tool to enable run mode for 'lab1_part2_app_hw_1 [lab1_part2]'. 
2026-02-04 16:13:53 [info] : [Debug Manager] Launch session has started on the configuration 'lab1_part2_app_hw_1 [lab1_part2]' 
2026-02-04 16:15:59 [info] : [Debug Manager] Launch session has terminated on the configuration 'lab1_part2_app_hw_1 [lab1_part2]' 
2026-02-04 16:15:59 [info] : [Debug Manager] Enabling breakpoints after running the application using 'lab1_part2_app_hw_1 [lab1_part2]'. 
2026-02-04 16:16:05 [info] : [Platform Server] Generate platform output stream finished - lab1_platform. 
2026-02-04 16:16:06 [info] : [Build Server] Build output stream finished - lab1_part1::. 
2026-02-04 16:16:17 [info] : [Debug Manager] Successfully verified the target connection used  Local 
2026-02-04 16:16:17 [info] : [Debug Manager] Starting launch in 'run' mode using configuration: {"type":"tcf-debug","request":"launch","name":"lab1_part1_app_hw_1","debugType":"baremetal-zynq","attachToRunningTargetOptions":{"targetSetupMode":"standalone","executeScript":true,"scriptPath":""},"autoAttachProcessChildren":false,"target":{"targetConnectionId":"Local","peersIniPath":"../../_ide/.peers.ini","context":"zynq"},"pathMap":[],"targetSetup":{"resetSystem":true,"programDevice":true,"resetAPU":false,"bitstreamFile":"${workspaceFolder}\\lab1_part1\\_ide\\bitstream\\lab1_hw_wrapper.bit","zynqInitialization":{"isFsbl":false,"usingFSBL":{"initWithFSBL":true,"fsblFile":"${workspaceFolder}\\lab1_platform\\export\\lab1_platform\\sw\\boot\\fsbl.elf","fsblExitSymbol":"FsblHandoffJtagExit"},"usingPs7Init":{"runPs7Init":true,"runPs7PostInit":true,"ps7InitTclFile":"${workspaceFolder}\\lab1_part1\\_ide\\psinit\\ps7_init.tcl"}},"downloadElf":[{"core":"ps7_cortexa9_0","resetProcessor":true,"elfFile":"${workspaceFolder}\\lab1_part1\\build\\lab1_part1.elf","stopAtEntry":false}],"crossTriggerBreakpoints":{"isSelected":false,"breakpoints":[]}},"internalConsoleOptions":"openOnSessionStart","__configUri":"file:///c%3A/Users/nedillon/Documents/lab1/lab1_part1/_ide/launch.json"} 
2026-02-04 16:16:17 [info] : [Debug Manager] Disabling breakpoints in the tool to enable run mode for 'lab1_part1_app_hw_1 [lab1_part1]'. 
2026-02-04 16:16:17 [info] : [Debug Manager] Launch session has started on the configuration 'lab1_part1_app_hw_1 [lab1_part1]' 
2026-02-04 16:24:50 [info] : [Platform Server] Generate platform output stream finished - lab1_platform. 
2026-02-04 16:24:51 [info] : [Build Server] Build output stream finished - lab1_part2::. 
2026-02-04 16:25:00 [info] : [Debug Manager] Successfully verified the target connection used  Local 
2026-02-04 16:25:00 [info] : [Debug Manager] Starting launch in 'run' mode using configuration: {"type":"tcf-debug","request":"launch","name":"lab1_part2_app_hw_1","debugType":"baremetal-zynq","attachToRunningTargetOptions":{"targetSetupMode":"standalone","executeScript":true,"scriptPath":""},"autoAttachProcessChildren":false,"target":{"targetConnectionId":"Local","peersIniPath":"../../_ide/.peers.ini","context":"zynq"},"pathMap":[],"targetSetup":{"resetSystem":true,"programDevice":true,"resetAPU":false,"bitstreamFile":"${workspaceFolder}\\lab1_part2\\_ide\\bitstream\\lab1_hw_wrapper.bit","zynqInitialization":{"isFsbl":false,"usingFSBL":{"initWithFSBL":true,"fsblFile":"${workspaceFolder}\\lab1_platform\\export\\lab1_platform\\sw\\boot\\fsbl.elf","fsblExitSymbol":"FsblHandoffJtagExit"},"usingPs7Init":{"runPs7Init":true,"runPs7PostInit":true,"ps7InitTclFile":"${workspaceFolder}\\lab1_part2\\_ide\\psinit\\ps7_init.tcl"}},"downloadElf":[{"core":"ps7_cortexa9_0","resetProcessor":true,"elfFile":"${workspaceFolder}\\lab1_part2\\build\\lab1_part2.elf","stopAtEntry":false}],"crossTriggerBreakpoints":{"isSelected":false,"breakpoints":[]}},"internalConsoleOptions":"openOnSessionStart","__configUri":"file:///c%3A/Users/nedillon/Documents/lab1/lab1_part2/_ide/launch.json"} 
2026-02-04 16:25:00 [info] : [Debug Manager] Disabling breakpoints in the tool to enable run mode for 'lab1_part2_app_hw_1 [lab1_part2]'. 
2026-02-04 16:25:00 [info] : [Debug Manager] Launch session has started on the configuration 'lab1_part2_app_hw_1 [lab1_part2]' 
